// Jest Snapshot v1, https://goo.gl/fbAQLP

exports[`<Notification /> Test story renders snapshot 1`] = `
<div
  class="MuiPaper-root MuiAlert-root MuiAlert-standardInfo elevated css-u3gjkj MuiPaper-elevation0"
  data-testid="notification"
  role="alert"
  style="webkit-transform: none; transform: none; webkit-transition: -webkit-transform 225ms cubic-bezier(0.0, 0, 0.2, 1) 0ms; transition: transform 225ms cubic-bezier(0.0, 0, 0.2, 1) 0ms;"
>
  <div
    class="MuiAlert-icon"
  >
    <div
      class="css-1y0u8yq"
    >
      <svg
        aria-hidden="true"
        class="MuiSvgIcon-root"
        data-jest-file-name="IconInfoCircleLarge.svg"
        data-jest-svg-name="IconInfoCircleLarge"
        data-testid="IconInfoCircleLarge"
        fillcontrast="white"
        focusable="false"
        viewBox="0 0 32 32"
      />
    </div>
  </div>
  <div
    class="MuiAlert-message"
  >
    this is a notification
  </div>
</div>
`;
