// Jest Snapshot v1, https://goo.gl/fbAQLP

exports[`<Notification /> Test story renders snapshot 1`] = `
<div
  class="MuiBox-root css-0"
  style="webkit-transform: none; transform: none; webkit-transition: -webkit-transform 250ms cubic-bezier(0.0, 0, 0.2, 1) 0ms; transition: transform 250ms cubic-bezier(0.0, 0, 0.2, 1) 0ms;"
>
  <div
    class="MuiPaper-root MuiPaper-elevation MuiPaper-rounded MuiPaper-elevation0 MuiAlert-root MuiAlert-standardInfo MuiAlert-standard elevated css-1nydf2p-MuiPaper-root-MuiAlert-root"
    data-testid="notification"
    role="alert"
  >
    <div
      class="MuiAlert-icon css-1ytlwq5-MuiAlert-icon"
    >
      <div
        class="css-1ft6wgl"
      >
        <svg
          aria-hidden="true"
          class="MuiSvgIcon-root MuiSvgIcon-fontSizeMedium css-25m3b5-MuiSvgIcon-root"
          data-jest-file-name="IconInfoCircleLarge.svg"
          data-jest-svg-name="IconInfoCircleLarge"
          data-testid="IconInfoCircleLarge"
          fillcontrast="white"
          focusable="false"
          viewBox="0 0 22 22"
        />
      </div>
    </div>
    <div
      class="MuiAlert-message css-1pxa9xg-MuiAlert-message"
    >
      this is a notification
    </div>
  </div>
</div>
`;
