// Jest Snapshot v1, https://goo.gl/fbAQLP

exports[`<InputToggle /> Test story renders snapshot 1`] = `
<span
  class="MuiSwitch-root css-ujw0lf"
>
  <span
    aria-disabled="false"
    class="MuiButtonBase-root MuiIconButton-root PrivateSwitchBase-root-1 MuiSwitch-switchBase MuiSwitch-colorPrimary"
    data-testid="test-toggle"
  >
    <span
      class="MuiIconButton-label"
    >
      <input
        class="PrivateSwitchBase-input-4 MuiSwitch-input"
        type="checkbox"
        value="Off"
      />
      <span
        class="MuiSwitch-thumb"
      />
    </span>
    <span
      class="MuiTouchRipple-root"
    />
  </span>
  <span
    class="MuiSwitch-track"
  />
</span>
`;
