// Jest Snapshot v1, https://goo.gl/fbAQLP

exports[`<Table /> Test story renders snapshot 1`] = `
<table
  class="css-mpwjyz"
  data-testid="Table"
>
  <tbody>
    <tr
      class="css-k48uld"
    >
      <td
        class="css-ms0or8"
      >
        <span
          class="css-z41sca"
        >
          Primary
        </span>
      </td>
    </tr>
  </tbody>
</table>
`;
