// Jest Snapshot v1, https://goo.gl/fbAQLP

exports[`<Table /> Test story renders snapshot 1`] = `
<table
  class="css-mpwjyz"
  data-testid="Table"
>
  <tbody>
    <tr
      class="css-1te7wvi"
    >
      <td
        class="css-ms0or8"
      >
        <div
          class="css-ov1ktg"
        >
          <div
            class="css-1ago99h"
          >
            <span
              class="css-l4a0ln"
            >
              Primary 1
            </span>
          </div>
        </div>
      </td>
      <td
        class="css-ms0or8"
      >
        <div
          class="css-ov1ktg"
        >
          <div
            class="css-1ago99h"
          >
            <span
              class="css-l4a0ln"
            >
              Primary 2
            </span>
          </div>
        </div>
      </td>
      <td
        class="css-ms0or8"
      >
        <div
          class="css-ov1ktg"
        >
          <div
            class="css-1ago99h"
          >
            <span
              class="css-l4a0ln"
            >
              Primary 3
            </span>
          </div>
        </div>
      </td>
      <td
        class="css-ms0or8"
      >
        <div
          class="css-ov1ktg"
        >
          <div
            class="css-1ago99h"
          >
            <span
              class="css-l4a0ln"
            >
              Primary 4
            </span>
          </div>
        </div>
      </td>
    </tr>
  </tbody>
</table>
`;
