// Jest Snapshot v1, https://goo.gl/fbAQLP

exports[`<CellComponent /> Test story renders snapshot 1`] = `
<div
  style="display: grid; grid-template-columns: 112px 50px; grid-template-rows: 1fr;"
>
  <div>
    <table>
      <tbody>
        <tr
          class="css-1te7wvi"
          style="display: block; max-width: 280px;"
        >
          <td
            class="cell-component css-i1o3nx"
            data-testid="CellComponentA"
          >
            <div
              style="display: block;"
            >
              <span
                class="css-15m7i9b"
                data-testid="Child"
              >
                Lorem ipsum dolor
              </span>
              <span
                class="css-18teywq"
                data-testid="Child"
                style="padding-bottom: 10px;"
              >
                Lorem Ipsum dolor sit amet, consectetur adipiscing elit, sed do eiusmod tempor.
              </span>
              <div
                class="MuiButtonBase-root MuiChip-root MuiChip-filled MuiChip-sizeMedium MuiChip-colorPrimary MuiChip-clickable MuiChip-clickableColorPrimary MuiChip-filledPrimary css-1re09u5-MuiButtonBase-root-MuiChip-root"
                data-testid="Child"
                role="button"
                tabindex="0"
              >
                <span
                  class="MuiChip-label MuiChip-labelMedium css-6od3lo-MuiChip-label"
                >
                  Tertiary
                </span>
                <span
                  class="MuiTouchRipple-root css-8je8zh-MuiTouchRipple-root"
                />
              </div>
            </div>
          </td>
        </tr>
      </tbody>
    </table>
  </div>
  <div>
    <table>
      <tbody>
        <tr
          class="css-1te7wvi"
          style="display: block; max-width: 280px;"
        >
          <td
            class="cell-component css-1tllcjx"
            data-testid="CellComponentB"
          >
            <div
              style="display: block;"
            >
              <span
                class="css-15m7i9b"
                data-testid="Child"
                style="padding-bottom: 10px;"
              >
                Lorem ipsum dolor
              </span>
              <div
                aria-labelledby="demo-radio-buttons-group-label"
                class="MuiFormGroup-root css-dmmspl-MuiFormGroup-root"
                data-testid="Child"
                role="radiogroup"
              >
                <label
                  class="MuiFormControlLabel-root MuiFormControlLabel-labelPlacementEnd css-j204z7-MuiFormControlLabel-root"
                >
                  <span
                    class="MuiRadio-root MuiRadio-colorPrimary MuiButtonBase-root MuiRadio-root MuiRadio-colorPrimary PrivateSwitchBase-root Mui-checked css-b0a55y-MuiButtonBase-root-MuiRadio-root"
                    stage="checked"
                  >
                    <input
                      checked=""
                      class="PrivateSwitchBase-input css-1m9pwf3"
                      name="radio-buttons-group"
                      type="radio"
                      value="demo"
                    />
                    <svg
                      aria-hidden="true"
                      class="MuiSvgIcon-root MuiSvgIcon-fontSizeMedium css-i4bv87-MuiSvgIcon-root"
                      data-jest-file-name="IconRadioChecked.svg"
                      data-jest-svg-name="IconRadioChecked"
                      data-testid="IconRadioChecked"
                      fillcontrast="white"
                      focusable="false"
                      viewBox="0 0 16 16"
                    />
                    <span
                      class="MuiTouchRipple-root css-8je8zh-MuiTouchRipple-root"
                    />
                  </span>
                  <span
                    class="MuiTypography-root MuiTypography-body1 MuiFormControlLabel-label css-ahj2mt-MuiTypography-root"
                  >
                    Label
                  </span>
                </label>
              </div>
            </div>
          </td>
        </tr>
      </tbody>
    </table>
  </div>
</div>
`;
