// Jest Snapshot v1, https://goo.gl/fbAQLP

exports[`<InputDropdown /> Test story renders snapshot 1`] = `
<button
  class="MuiButton-root MuiButton-text MuiButton-textPrimary MuiButton-sizeMedium MuiButton-textSizeMedium MuiButtonBase-root css-1jxxsks-MuiButtonBase-root-MuiButton-root"
  data-testid="InputDropdown"
  label="Label"
  tabindex="0"
  type="button"
>
  <span
    class="css-1sjvubj"
  >
    Label
  </span>
  <div
    class="css-jbvua0"
  >
    <svg
      aria-hidden="true"
      class="MuiSvgIcon-root MuiSvgIcon-fontSizeMedium css-tr2xv3-MuiSvgIcon-root"
      data-jest-file-name="IconChevronDownSmall.svg"
      data-jest-svg-name="IconChevronDownSmall"
      data-testid="IconChevronDownSmall"
      fillcontrast="white"
      focusable="false"
      viewBox="0 0 14 14"
    />
  </div>
  <span
    class="MuiTouchRipple-root css-8je8zh-MuiTouchRipple-root"
  />
</button>
`;
