// Jest Snapshot v1, https://goo.gl/fbAQLP

exports[`<Accordion /> Test story renders snapshot 1`] = `
<div
  class="MuiPaper-root MuiPaper-elevation MuiPaper-elevation1 MuiAccordion-root MuiAccordion-gutters css-1x3fmw6-MuiPaper-root-MuiAccordion-root"
  data-testid="accordion"
  id="test-story"
>
  <div
    aria-controls="test-story-header-panel-content"
    aria-expanded="false"
    class="MuiButtonBase-root MuiAccordionSummary-root MuiAccordionSummary-gutters css-q39ari-MuiButtonBase-root-MuiAccordionSummary-root"
    id="test-story-header"
    role="button"
    tabindex="0"
  >
    <div
      class="MuiAccordionSummary-content MuiAccordionSummary-contentGutters css-o4b71y-MuiAccordionSummary-content"
    >
      Accordion Header
    </div>
    <div
      class="MuiAccordionSummary-expandIconWrapper css-yw020d-MuiAccordionSummary-expandIconWrapper"
    >
      <div
        class="css-1ft6wgl"
      >
        <svg
          aria-hidden="true"
          class="MuiSvgIcon-root MuiSvgIcon-colorPrimary MuiSvgIcon-fontSizeMedium css-s2a1ac-MuiSvgIcon-root"
          data-jest-file-name="IconChevronDownSmall.svg"
          data-jest-svg-name="IconChevronDownSmall"
          data-testid="IconChevronDownSmall"
          fillcontrast="white"
          focusable="false"
          viewBox="0 0 14 14"
        />
      </div>
    </div>
  </div>
  <div
    class="MuiCollapse-root MuiCollapse-vertical MuiCollapse-hidden css-bz4dnt-MuiCollapse-root"
    style="min-height: 0px;"
  >
    <div
      class="MuiCollapse-wrapper MuiCollapse-vertical css-smkl36-MuiCollapse-wrapper"
    >
      <div
        class="MuiCollapse-wrapperInner MuiCollapse-vertical css-9l5vo-MuiCollapse-wrapperInner"
      >
        <div
          aria-labelledby="test-story-header"
          class="MuiAccordion-region"
          role="region"
        >
          <div
            class="MuiAccordionDetails-root css-rnrgul-MuiAccordionDetails-root"
          >
            Lorem ipsum dolor sit amet, consectetur adipiscing elit. Suspendisse malesuada lacus ex, sit amet blandit leo lobortis eget.
          </div>
        </div>
      </div>
    </div>
  </div>
</div>
`;
