// Jest Snapshot v1, https://goo.gl/fbAQLP

exports[`<TableHeader /> Test story renders snapshot 1`] = `
<table>
  <thead
    class="css-1426k2b"
    data-testid="TableHeader"
  >
    <tr
      class="css-1nusez2"
    >
      <th
        class="css-6omr7c"
      >
        <span>
          Column 1
        </span>
        <button
          class="MuiButtonBase-root MuiIconButton-root MuiIconButton-sizeMedium css-9lolwn-MuiButtonBase-root-MuiIconButton-root"
          data-testid="iconButton"
          tabindex="0"
          type="button"
        >
          <div
            class="css-jbvua0"
          >
            <svg
              aria-hidden="true"
              class="MuiSvgIcon-root MuiSvgIcon-fontSizeMedium css-1q6hio5-MuiSvgIcon-root"
              data-jest-file-name="IconChevronDownSmall.svg"
              data-jest-svg-name="IconChevronDownSmall"
              data-testid="IconChevronDownSmall"
              fillcontrast="white"
              focusable="false"
              viewBox="0 0 14 14"
            />
          </div>
          <span
            class="MuiTouchRipple-root css-8je8zh-MuiTouchRipple-root"
          />
        </button>
      </th>
      <th
        class="css-jl2z0r"
      >
        <span>
          Column 2
        </span>
        <button
          class="MuiButtonBase-root MuiIconButton-root MuiIconButton-sizeMedium css-pj2pb5-MuiButtonBase-root-MuiIconButton-root"
          data-testid="iconButton"
          tabindex="0"
          type="button"
        >
          <div
            class="css-jbvua0"
          >
            <svg
              aria-hidden="true"
              class="MuiSvgIcon-root MuiSvgIcon-fontSizeMedium css-1q6hio5-MuiSvgIcon-root"
              data-jest-file-name="IconChevronDownSmall.svg"
              data-jest-svg-name="IconChevronDownSmall"
              data-testid="IconChevronDownSmall"
              fillcontrast="white"
              focusable="false"
              viewBox="0 0 14 14"
            />
          </div>
          <span
            class="MuiTouchRipple-root css-8je8zh-MuiTouchRipple-root"
          />
        </button>
      </th>
      <th
        class="css-jl2z0r"
      >
        <span>
          Column 3
        </span>
        <button
          class="MuiButtonBase-root MuiIconButton-root MuiIconButton-sizeMedium css-pj2pb5-MuiButtonBase-root-MuiIconButton-root"
          data-testid="iconButton"
          tabindex="0"
          type="button"
        >
          <div
            class="css-jbvua0"
          >
            <svg
              aria-hidden="true"
              class="MuiSvgIcon-root MuiSvgIcon-fontSizeMedium css-1q6hio5-MuiSvgIcon-root"
              data-jest-file-name="IconChevronDownSmall.svg"
              data-jest-svg-name="IconChevronDownSmall"
              data-testid="IconChevronDownSmall"
              fillcontrast="white"
              focusable="false"
              viewBox="0 0 14 14"
            />
          </div>
          <span
            class="MuiTouchRipple-root css-8je8zh-MuiTouchRipple-root"
          />
        </button>
      </th>
    </tr>
  </thead>
</table>
`;
