// Jest Snapshot v1, https://goo.gl/fbAQLP

exports[`<TableRow /> Test story renders snapshot 1`] = `
<table>
  <tbody>
    <tr
      class=" css-1te7wvi"
      data-mui-internal-clone-element="true"
      data-testid="TableRow"
    >
      <td
        class="css-ms0or8"
      >
        <span
          class="css-z41sca"
        >
          Primary
        </span>
      </td>
    </tr>
  </tbody>
</table>
`;
