// Jest Snapshot v1, https://goo.gl/fbAQLP

exports[`<Tabs /> Test story renders snapshot 1`] = `
<div
  style="align-items: center; display: flex; gap: 40px; width: 100%;"
>
  <div>
    <h4>
      Default
    </h4>
    <div
      class="MuiTabs-root css-1qewznr-MuiTabs-root"
      data-testid="tabs"
      style="width: 400px;"
    >
      <div
        class="MuiTabs-scroller MuiTabs-fixed css-jpln7h-MuiTabs-scroller"
        style="overflow: hidden; margin-bottom: 0px;"
      >
        <div
          class="MuiTabs-flexContainer css-heg063-MuiTabs-flexContainer"
          role="tablist"
        >
          <button
            aria-selected="true"
            class="MuiButtonBase-root MuiTab-root MuiTab-textColorPrimary Mui-selected css-14ynw7t-MuiButtonBase-root-MuiTab-root"
            role="tab"
            tabindex="0"
            type="button"
          >
            <span
              class="css-1d9n0h0"
            >
              <span
                class="css-1szlfza"
              >
                Tab One
              </span>
              <span
                class="css-1mg4zid"
              >
                123
              </span>
            </span>
            <span
              class="MuiTouchRipple-root css-8je8zh-MuiTouchRipple-root"
            />
          </button>
          <button
            aria-selected="false"
            class="MuiButtonBase-root MuiTab-root MuiTab-textColorPrimary css-14ynw7t-MuiButtonBase-root-MuiTab-root"
            role="tab"
            tabindex="-1"
            type="button"
          >
            Tab Two
            <span
              class="MuiTouchRipple-root css-8je8zh-MuiTouchRipple-root"
            />
          </button>
        </div>
        <span
          class="MuiTabs-indicator css-o80iit css-1aquho2-MuiTabs-indicator"
          style="left: 0px; width: 0px;"
        />
      </div>
    </div>
  </div>
  <div>
    <h4>
      Small
    </h4>
    <div
      class="MuiTabs-root css-1qewznr-MuiTabs-root"
      data-testid="tabs"
      style="width: 400px;"
    >
      <div
        class="MuiTabs-scroller MuiTabs-fixed css-jpln7h-MuiTabs-scroller"
        style="overflow: hidden; margin-bottom: 0px;"
      >
        <div
          class="MuiTabs-flexContainer css-heg063-MuiTabs-flexContainer"
          role="tablist"
        >
          <button
            aria-selected="true"
            class="MuiButtonBase-root MuiTab-root MuiTab-textColorPrimary Mui-selected css-14ynw7t-MuiButtonBase-root-MuiTab-root"
            role="tab"
            tabindex="0"
            type="button"
          >
            <span
              class="css-1d9n0h0"
            >
              <span
                class="css-1szlfza"
              >
                Tab One
              </span>
              <span
                class="css-1mg4zid"
              >
                123
              </span>
            </span>
            <span
              class="MuiTouchRipple-root css-8je8zh-MuiTouchRipple-root"
            />
          </button>
          <button
            aria-selected="false"
            class="MuiButtonBase-root MuiTab-root MuiTab-textColorPrimary css-14ynw7t-MuiButtonBase-root-MuiTab-root"
            role="tab"
            tabindex="-1"
            type="button"
          >
            Tab Two
            <span
              class="MuiTouchRipple-root css-8je8zh-MuiTouchRipple-root"
            />
          </button>
        </div>
        <span
          class="MuiTabs-indicator css-o80iit css-1aquho2-MuiTabs-indicator"
          style="left: 0px; width: 0px;"
        />
      </div>
    </div>
  </div>
  <div>
    <h4>
      Underlined
    </h4>
    <div
      class="MuiTabs-root css-11fro2b-MuiTabs-root"
      data-testid="tabs"
      style="width: 400px;"
    >
      <div
        class="MuiTabs-scroller MuiTabs-fixed css-jpln7h-MuiTabs-scroller"
        style="overflow: hidden; margin-bottom: 0px;"
      >
        <div
          class="MuiTabs-flexContainer css-heg063-MuiTabs-flexContainer"
          role="tablist"
        >
          <button
            aria-selected="true"
            class="MuiButtonBase-root MuiTab-root MuiTab-textColorPrimary Mui-selected css-14ynw7t-MuiButtonBase-root-MuiTab-root"
            role="tab"
            tabindex="0"
            type="button"
          >
            <span
              class="css-1d9n0h0"
            >
              <span
                class="css-1szlfza"
              >
                Tab One
              </span>
              <span
                class="css-1mg4zid"
              >
                123
              </span>
            </span>
            <span
              class="MuiTouchRipple-root css-8je8zh-MuiTouchRipple-root"
            />
          </button>
          <button
            aria-selected="false"
            class="MuiButtonBase-root MuiTab-root MuiTab-textColorPrimary css-14ynw7t-MuiButtonBase-root-MuiTab-root"
            role="tab"
            tabindex="-1"
            type="button"
          >
            Tab Two
            <span
              class="MuiTouchRipple-root css-8je8zh-MuiTouchRipple-root"
            />
          </button>
        </div>
        <span
          class="MuiTabs-indicator css-o80iit css-1aquho2-MuiTabs-indicator"
          style="left: 0px; width: 0px;"
        />
      </div>
    </div>
  </div>
</div>
`;
