// Jest Snapshot v1, https://goo.gl/fbAQLP

exports[`<Dropdown /> Test story renders snapshot 1`] = `
<button
  class="MuiButton-root MuiButton-text MuiButton-textPrimary MuiButton-sizeMedium MuiButton-textSizeMedium MuiButtonBase-root css-1pzhish-MuiButtonBase-root-MuiButton-root"
  data-testid="dropdown"
  label="Click Target"
  tabindex="0"
  type="button"
>
  <span
    class="css-ae1gg6"
  >
    <span
      class="styled-label css-1wq753n"
    >
      Click Target
    </span>
    <span
      class="css-1qt6g1x"
    >
      <div
        class="css-1ft6wgl"
      >
        <svg
          aria-hidden="true"
          class="MuiSvgIcon-root MuiSvgIcon-fontSizeMedium css-tr2xv3-MuiSvgIcon-root"
          data-jest-file-name="IconChevronDownSmall.svg"
          data-jest-svg-name="IconChevronDownSmall"
          data-testid="IconChevronDownSmall"
          fillcontrast="white"
          focusable="false"
          viewBox="0 0 14 14"
        />
      </div>
    </span>
  </span>
  <div
    class="css-z8cnb2"
  />
  <span
    class="MuiTouchRipple-root css-8je8zh-MuiTouchRipple-root"
  />
</button>
`;
