// Jest Snapshot v1, https://goo.gl/fbAQLP

exports[`<CellBasic /> Test story renders snapshot 1`] = `
<table>
  <tbody>
    <tr>
      <td
        class="css-1x6gfa0"
        data-testid="CellBasicVerticalAlignTest"
        style="border: 1px dashed #eee; height: 100px; max-width: 160px; width: 160px;"
      >
        <div
          class="css-ov1ktg"
        >
          <div
            class="css-1ago99h"
          >
            <span
              class="css-l4a0ln"
            >
              Primary Text
            </span>
            <span
              class="css-q27ims"
            >
              Lorem ipsum dolor sit amet, consectetur adipiscing elit, sed do eiusmod tempor incididunt ut labore et dolore magna aliqua.
            </span>
          </div>
        </div>
      </td>
      <td
        class="css-1fypcbh"
        data-testid="CellBasicCenterAlignTest"
        style="border: 1px dashed #eee; height: 100px; max-width: 160px; width: 160px;"
      >
        <div
          class="css-ov1ktg"
        >
          <div
            class="css-1ago99h"
          >
            <span
              class="css-l4a0ln"
            >
              Primary Text
            </span>
            <span
              class="css-13h2j63"
            >
              Secondary Text
            </span>
          </div>
        </div>
      </td>
      <td
        class=" css-ulyme7"
        data-mui-internal-clone-element="true"
        data-testid="CellBasic"
        style="border: 1px dashed #eee; height: 100px; max-width: 160px; width: 160px;"
      >
        <div
          class="css-ov1ktg"
        >
          <div
            class="css-1ago99h"
          >
            <span
              class="css-l4a0ln"
            >
              Primary Text
            </span>
            <span
              class="css-13h2j63"
            >
              Secondary Text
            </span>
            <span
              class="css-1xqvcqn"
            >
              Tertiary Text
            </span>
          </div>
        </div>
      </td>
      <td
        class=" css-ms0or8"
        data-mui-internal-clone-element="true"
        data-testid="CellBasicWithIcon"
        style="border: 1px dashed #eee; height: 100px; max-width: 160px; width: 160px;"
      >
        <div
          class="css-ov1ktg"
        >
          <div
            class="css-fm7ypo"
          >
            <div
              class="css-jbvua0"
            >
              <svg
                aria-hidden="true"
                class="MuiSvgIcon-root MuiSvgIcon-fontSizeMedium css-25m3b5-MuiSvgIcon-root"
                data-jest-file-name="IconBacteriaLarge.svg"
                data-jest-svg-name="IconBacteriaLarge"
                data-testid="IconBacteriaLarge"
                fillcontrast="white"
                focusable="false"
                viewBox="0 0 32 32"
              />
            </div>
          </div>
          <div
            class="css-1ago99h"
          >
            <span
              class="css-l4a0ln"
            >
              Primary Text
            </span>
            <span
              class="css-13h2j63"
            >
              Secondary Text
            </span>
            <span
              class="css-1xqvcqn"
            >
              Tertiary Text
            </span>
          </div>
        </div>
      </td>
    </tr>
  </tbody>
</table>
`;
