// Jest Snapshot v1, https://goo.gl/fbAQLP

exports[`<CellBasic /> Test story renders snapshot 1`] = `
<table>
  <tbody>
    <tr>
      <td
        class="css-1x6gfa0"
        data-testid="CellBasicVerticalAlignTest"
        style="border: 1px dashed #eee; height: 100px; max-width: 160px; width: 160px;"
      >
        <span
          class="css-l4a0ln"
        >
          Primary Text
        </span>
        <span
          class="css-102yezv"
        >
          Lorem ipsum dolor sit amet, consectetur adipiscing elit, sed do eiusmod tempor incididunt ut labore et dolore magna aliqua.
        </span>
      </td>
      <td
        class="css-1a6gmj3"
        data-testid="CellBasicCenterAlignTest"
        style="border: 1px dashed #eee; height: 100px; max-width: 160px; width: 160px;"
      >
        <span
          class="css-l4a0ln"
        >
          Primary Text
        </span>
        <span
          class="css-1xqvcqn"
        >
          Secondary Text
        </span>
      </td>
      <td
        class=" css-ulyme7"
        data-mui-internal-clone-element="true"
        data-testid="CellBasic"
        style="border: 1px dashed #eee; height: 100px; max-width: 160px; width: 160px;"
      >
        <span
          class="css-l4a0ln"
        >
          Primary Text
        </span>
        <span
          class="css-1xqvcqn"
        >
          Secondary Text
        </span>
        <span
          class="css-1xqvcqn"
        >
          Tertiary Text
        </span>
      </td>
    </tr>
  </tbody>
</table>
`;
